


Add repos and https://github.com/NVIDIA/nvidia-docker/wiki/Installation-(Native-GPU-Support)
Run docker run --gpus all nvidia/cuda nvidia-smi to test
F@H GPU instructions are here https://github.com/FoldingAtHome/containers/tree/master/fah-gpu

to fix socket permission error for docker run 
add the user to the docker group and then switch to it

$ sudo usermod -a -G docker username
$ newgrp docker

create new container
$ docker run --gpus all --name fah0 -d --user "$(id -u):$(id -g)" --volume /path_to_disk/projects/fah:/fah foldingathome/fah-gpu:7.5.1-rc1

shutdown
$ docker exec fah0 FAHClient --send-command shutdown

start again
$ docker start fah0

to view logs
$ docker logs fah0

to tail logs
$ docker logs -f fah0

the log file is available in the volume as well

docker run -> AE app run -> creates new container with the name and runs it
docker start -> AE app update -> re-run the container

config.xml sample

<config>
  <fold-anon v='false'/>
  <gpu v='true'/>
  <power v='full'/>
  <user v='enter user id here'/>
  <passkey v='enter passkey here'/>
  <team v='0'/>
  <slot id='0' type='CPU'/>
  <slot id='1' type='GPU'>
	<extra-core-args v='-tmax=80 -twait=900'/>
  </slot>
  <allow>127.0.0.1</allow>
  <web-allow>127.0.0.1</web-allow>
</config>




